
PROGRAM "D:\Profiles\rat579\Desktop\HCS12SerialMon2r1\bin\S12SerMon2r1.abs"

*********************************************************************************************
TARGET SECTION
---------------------------------------------------------------------------------------------
Processor   : Motorola HC12
Memory Model: SMALL
File Format : ELF\Dwarf 2.0
Linker      : SmartLinker V-5.0.22 Build 4047, Feb 17 2004

*********************************************************************************************
FILE SECTION
---------------------------------------------------------------------------------------------
S12SerMon2r1.asm.o                      Model: SMALL,         Lang: Assembler

*********************************************************************************************
STARTUP SECTION
---------------------------------------------------------------------------------------------
Entry point: 0xF800 (Startup)

*********************************************************************************************
SECTION-ALLOCATION SECTION
Section Name                    Size  Type     From       To       Segment
---------------------------------------------------------------------------------------------
S12SerMon2r1.asm__ORG00001       1603     R     0xF800     0xFE42   .absSeg0
S12SerMon2r1.asm__ORG00002         15     R     0xFEE6     0xFEF4   .absSeg1
S12SerMon2r1.asm__ORG00003          8     R     0xFEF8     0xFEFF   .absSeg2
S12SerMon2r1.asm__ORG00004         16     R     0xFF00     0xFF0F   .absSeg3
S12SerMon2r1.asm__ORG00005        128     R     0xFF80     0xFFFF   .absSeg4
.stack                           256   R/W     0x3800     0x38FF   MY_RAM

Summary of section sizes per section type:
READ_ONLY (R):         6EA (dec:     1770)
READ_WRITE (R/W):      100 (dec:      256)

*********************************************************************************************
VECTOR-ALLOCATION SECTION
    Address     InitValue   InitFunction
---------------------------------------------------------------------------------------------

*********************************************************************************************
OBJECT-ALLOCATION SECTION
     Name               Module                 Addr   hSize   dSize     Ref    Section   RLIB
---------------------------------------------------------------------------------------------
MODULE:                 -- S12SerMon2r1.asm.o --
- PROCEDURES:
     ColdStart                                 F800       0       0       0   .init       
     Startup                                   F800      13      19       0   .init       
     ColdStart1                                F813      2D      45       0   .init       
     Monitor                                   F840      26      38       0   .init       
     stackInit                                 F866      26      38       0   .init       
     coldBrk                                   F88C       A      10       0   .init       
     BrkLoop                                   F896       9       9       0   .init       
     waitforCR                                 F89F      10      16       0   .init       
     CommandOK                                 F8AF       2       2       0   .init       
     Prompt                                    F8B1       A      10       0   .init       
     EndPrompt                                 F8BB      13      19       0   .init       
     PromptRun                                 F8CE       3       3       0   .init       
     Prompt1                                   F8D1       6       6       0   .init       
     CmdLoop                                   F8D7       F      15       0   .init       
     DoCmd                                     F8E6       4       4       0   .init       
     commandTbl                                F8EA       1       1       0   .init       
     VAR00001                                  F8EB       2       2       0   .init       
     VAR00002                                  F8ED       1       1       0   .init       
     VAR00003                                  F8EE       2       2       0   .init       
     VAR00004                                  F8F0       1       1       0   .init       
     VAR00005                                  F8F1       2       2       0   .init       
     VAR00006                                  F8F3       1       1       0   .init       
     VAR00007                                  F8F4       2       2       0   .init       
     VAR00008                                  F8F6       1       1       0   .init       
     VAR00009                                  F8F7       2       2       0   .init       
     VAR00010                                  F8F9       1       1       0   .init       
     VAR00011                                  F8FA       2       2       0   .init       
     VAR00012                                  F8FC       1       1       0   .init       
     VAR00013                                  F8FD       2       2       0   .init       
     VAR00014                                  F8FF       1       1       0   .init       
     VAR00015                                  F900       2       2       0   .init       
     VAR00016                                  F902       1       1       0   .init       
     VAR00017                                  F903       2       2       0   .init       
     VAR00018                                  F905       1       1       0   .init       
     VAR00019                                  F906       2       2       0   .init       
     VAR00020                                  F908       1       1       0   .init       
     VAR00021                                  F909       2       2       0   .init       
     VAR00022                                  F90B       1       1       0   .init       
     VAR00023                                  F90C       2       2       0   .init       
     VAR00024                                  F90E       1       1       0   .init       
     VAR00025                                  F90F       2       2       0   .init       
     VAR00026                                  F911       1       1       0   .init       
     VAR00027                                  F912       2       2       0   .init       
     VAR00028                                  F914       1       1       0   .init       
     VAR00029                                  F915       2       2       0   .init       
     VAR00030                                  F917       1       1       0   .init       
     VAR00031                                  F918       2       2       0   .init       
     VAR00032                                  F91A       1       1       0   .init       
     VAR00033                                  F91B       2       2       0   .init       
     VAR00034                                  F91D       1       1       0   .init       
     VAR00035                                  F91E       2       2       0   .init       
     VAR00036                                  F920       1       1       0   .init       
     VAR00037                                  F921       2       2       0   .init       
     VAR00038                                  F923       1       1       0   .init       
     VAR00039                                  F924       2       2       0   .init       
     VAR00040                                  F926       1       1       0   .init       
     VAR00041                                  F927       2       2       0   .init       
     VAR00042                                  F929       1       1       0   .init       
     VAR00043                                  F92A       2       2       0   .init       
     VAR00044                                  F92C       1       1       0   .init       
     VAR00045                                  F92D       2       2       0   .init       
     tableEnd                                  F92F      14      20       0   .init       
     DeviceCmd                                 F92F       0       0       0   .init       
     HaltCmd                                   F943       D      13       0   .init       
     SciIsr                                    F950       A      10       0   .init       
     SciIsr1                                   F95A      1C      28       0   .init       
     SciIsrExit                                F976       6       6       0   .init       
     ResetCmd                                  F97C       B      11       0   .init       
     CopLock                                   F987       4       4       0   .init       
     Breakpoint                                F98B       B      11       0   .init       
     ReenterMon                                F996      1A      26       0   .init       
     SWIdone                                   F9B0       3       3       0   .init       
     badSP                                     F9B3       8       8       0   .init       
     EraseEECmd                                F9BB      19      25       0   .init       
     ChkDoneE                                  F9D4      14      20       0   .init       
     ErsPageErr1                               F9E8       5       5       0   .init       
     EraseAllCmd                               F9ED      19      25       0   .init       
     ChkDoneE1                                 FA06       8       8       0   .init       
     ErsBlk0                                   FA0E       E      14       0   .init       
     ErsBlk0Lp                                 FA1C      2D      45       0   .init       
     BlockLoop                                 FA49       D      13       0   .init       
     nBlockLoop                                FA56      10      16       0   .init       
     EraseDone                                 FA66       8       8       0   .init       
     BulkErase                                 FA6E      13      19       0   .init       
     ChkDoneF                                  FA81       A      10       0   .init       
     ErsSectors                                FA8B       2       2       0   .init       
     ErsSectLp                                 FA8D      15      21       0   .init       
     ErsSectErr                                FAA2       3       3       0   .init       
     ErsPage                                   FAA5      10      16       0   .init       
     ErsPage1                                  FAB5      1D      29       0   .init       
     ErsFullPage                               FAD2      11      17       0   .init       
     EraPageStat                               FAE3       C      12       0   .init       
     ErsPageErr                                FAEF       5       5       0   .init       
     RdByteCmd                                 FAF4       B      11       0   .init       
     RdWordCmd                                 FAFF       3       3       0   .init       
     sendExit                                  FB02       D      13       0   .init       
     ReadCmd                                   FB0F       9       9       0   .init       
     ReadNext                                  FB18       B      11       0   .init       
     xPrompt                                   FB23       3       3       0   .init       
     WriteCmd                                  FB26       9       9       0   .init       
     WriteNext                                 FB2F       B      11       0   .init       
     WriteWord                                 FB3A      15      21       0   .init       
     WriteByte                                 FB4F       9       9       0   .init       
     Write1                                    FB58       8       8       0   .init       
     SkipBytes                                 FB60       3       3       0   .init       
     WriteError                                FB63       7       7       0   .init       
     RdNextCmd                                 FB6A      10      16       0   .init       
     notRun                                    FB7A       5       5       0   .init       
     WtByteCmd                                 FB7F       D      13       0   .init       
     isRAMbyte                                 FB8C       8       8       0   .init       
     WriteByteNVM                              FB94       5       5       0   .init       
     WtWordCmd                                 FB99       8       8       0   .init       
     WtNextCmd                                 FBA1       C      12       0   .init       
     notRunW                                   FBAD       7       7       0   .init       
     preInc                                    FBB4       B      11       0   .init       
     RdRegsCmd                                 FBBF      29      41       0   .init       
     WriteCcrCmd                               FBE8       8       8       0   .init       
     WriteDCmd                                 FBF0       E      14       0   .init       
     WriteIXCmd                                FBFE       8       8       0   .init       
     WriteIYCmd                                FC06       8       8       0   .init       
     WritePcCmd                                FC0E       8       8       0   .init       
     WriteSpCmd                                FC16      13      19       0   .init       
     spBad                                     FC29       5       5       0   .init       
     pagebits                                  FC2E       1       1       0   .init       
     VAR00046                                  FC2F       1       1       0   .init       
     VAR00047                                  FC30       1       1       0   .init       
     VAR00048                                  FC31       2       2       0   .init       
     VAR00049                                  FC33       2       2       0   .init       
     VAR00050                                  FC35       2       2       0   .init       
     VAR00051                                  FC37       2       2       0   .init       
     Trace1Cmd                                 FC39      28      40       0   .init       
     GoCmd                                     FC61       7       7       0   .init       
     put16                                     FC68       9       9       0   .init       
     getX                                      FC71       B      11       0   .init       
     GetChar                                   FC7C       6       6       0   .init       
     RxReady                                   FC82       3       3       0   .init       
     PutChar                                   FC85       7       7       0   .init       
     CheckModule                               FC8C      14      20       0   .init       
     isVector                                  FCA0       6       6       0   .init       
     check4EE                                  FCA6       E      14       0   .init       
     isToProgram                               FCB4       4       4       0   .init       
     isRAM                                     FCB8       3       3       0   .init       
     WriteD2IX                                 FCBB      18      24       0   .init       
     oddAdrErr                                 FCD3       5       5       0   .init       
     isRAMword                                 FCD8       5       5       0   .init       
     WriteA2IX                                 FCDD      1B      27       0   .init       
     isOddAdr                                  FCF8       7       7       0   .init       
     isWRAMbyte                                FCFF       5       5       0   .init       
     DoProgram                                 FD04       B      11       0   .init       
     itsEE                                     FD0F       2       2       0   .init       
     ExitWrite                                 FD11       3       3       0   .init       
     ProgEE                                    FD14       F      15       0   .init       
     ChkDoneEE                                 FD23       A      10       0   .init       
     abClr                                     FD2D       B      11       0   .init       
     ProgFlash                                 FD38      12      18       0   .init       
     its3E                                     FD4A       5       5       0   .init       
     ProgFlash1                                FD4F       D      13       0   .init       
     nBlockLoopb                               FD5C      1C      28       0   .init       
     ProgFlashSP                               FD78       7       7       0   .init       
     DoOnStack                                 FD7F       4       4       0   .init       
     SpmoveLoop                                FD83      19      25       0   .init       
     SpSub                                     FD9C      12      18       0   .init       
     SpSubEnd                                  FDAE       2       2       0   .init       
     uvector63                                 FDAE       0       0       0   .init       
     uvector62                                 FDB0       2       2       0   .init       
     uvector61                                 FDB2       2       2       0   .init       
     uvector60                                 FDB4       2       2       0   .init       
     uvector59                                 FDB6       2       2       0   .init       
     uvector58                                 FDB8       2       2       0   .init       
     uvector57                                 FDBA       2       2       0   .init       
     uvector56                                 FDBC       2       2       0   .init       
     uvector55                                 FDBE       2       2       0   .init       
     uvector54                                 FDC0       2       2       0   .init       
     uvector53                                 FDC2       2       2       0   .init       
     uvector52                                 FDC4       2       2       0   .init       
     uvector51                                 FDC6       2       2       0   .init       
     uvector50                                 FDC8       2       2       0   .init       
     uvector49                                 FDCA       2       2       0   .init       
     uvector48                                 FDCC       2       2       0   .init       
     uvector47                                 FDCE       2       2       0   .init       
     uvector46                                 FDD0       2       2       0   .init       
     uvector45                                 FDD2       2       2       0   .init       
     uvector44                                 FDD4       2       2       0   .init       
     uvector43                                 FDD6       2       2       0   .init       
     uvector42                                 FDD8       2       2       0   .init       
     uvector41                                 FDDA       2       2       0   .init       
     uvector40                                 FDDC       2       2       0   .init       
     uvector39                                 FDDE       2       2       0   .init       
     uvector38                                 FDE0       2       2       0   .init       
     uvector37                                 FDE2       2       2       0   .init       
     uvector36                                 FDE4       2       2       0   .init       
     uvector35                                 FDE6       2       2       0   .init       
     uvector34                                 FDE8       2       2       0   .init       
     uvector33                                 FDEA       2       2       0   .init       
     uvector32                                 FDEC       2       2       0   .init       
     uvector31                                 FDEE       2       2       0   .init       
     uvector30                                 FDF0       2       2       0   .init       
     uvector29                                 FDF2       2       2       0   .init       
     uvector28                                 FDF4       2       2       0   .init       
     uvector27                                 FDF6       2       2       0   .init       
     uvector26                                 FDF8       2       2       0   .init       
     uvector25                                 FDFA       2       2       0   .init       
     uvector24                                 FDFC       2       2       0   .init       
     uvector23                                 FDFE       2       2       0   .init       
     uvector22                                 FE00       2       2       0   .init       
     uvector21                                 FE02       4       4       0   .init       
     uvector19                                 FE06       2       2       0   .init       
     uvector18                                 FE08       2       2       0   .init       
     uvector17                                 FE0A       2       2       0   .init       
     uvector16                                 FE0C       2       2       0   .init       
     uvector15                                 FE0E       2       2       0   .init       
     uvector14                                 FE10       2       2       0   .init       
     uvector13                                 FE12       2       2       0   .init       
     uvector12                                 FE14       2       2       0   .init       
     uvector11                                 FE16       2       2       0   .init       
     uvector10                                 FE18       2       2       0   .init       
     uvector09                                 FE1A       2       2       0   .init       
     uvector08                                 FE1C       2       2       0   .init       
     uvector07                                 FE1E       2       2       0   .init       
     uvector06                                 FE20       2       2       0   .init       
     uvector05                                 FE22       4       4       0   .init       
     uvector03                                 FE26       4       4       0   .init       
     uvector01                                 FE2A       4       4       0   .init       
     ISRHandler                                FE2E       C      12       0   .init       
     BadVector                                 FE3A       9       9       0   .init       
- VARIABLES:
     VAR00052                                  FEF8       2       2       0   .text       
     VAR00053                                  FEFA       2       2       0   .text       
     VAR00054                                  FEFC       2       2       0   .text       
     VAR00055                                  FEFE       2       2       0   .text       
     VAR00056                                  FF00       2       2       0   .text       
     VAR00057                                  FF02       2       2       0   .text       
     VAR00058                                  FF04       2       2       0   .text       
     VAR00059                                  FF06       2       2       0   .text       
     VAR00060                                  FF08       2       2       0   .text       
     VAR00061                                  FF0A       1       1       0   .text       
     VAR00062                                  FF0B       1       1       0   .text       
     VAR00063                                  FF0C       1       1       0   .text       
     VAR00064                                  FF0D       1       1       0   .text       
     VAR00065                                  FF0E       1       1       0   .text       
     VAR00066                                  FF0F       1       1       0   .text       
     vector63                                  FF80       2       2       0   .text       
     vector62                                  FF82       2       2       0   .text       
     vector61                                  FF84       2       2       0   .text       
     vector60                                  FF86       2       2       0   .text       
     vector59                                  FF88       2       2       0   .text       
     vector58                                  FF8A       2       2       0   .text       
     vector57                                  FF8C       2       2       0   .text       
     vector56                                  FF8E       2       2       0   .text       
     vector55                                  FF90       2       2       0   .text       
     vector54                                  FF92       2       2       0   .text       
     vector53                                  FF94       2       2       0   .text       
     vector52                                  FF96       2       2       0   .text       
     vector51                                  FF98       2       2       0   .text       
     vector50                                  FF9A       2       2       0   .text       
     vector49                                  FF9C       2       2       0   .text       
     vector48                                  FF9E       2       2       0   .text       
     vector47                                  FFA0       2       2       0   .text       
     vector46                                  FFA2       2       2       0   .text       
     vector45                                  FFA4       2       2       0   .text       
     vector44                                  FFA6       2       2       0   .text       
     vector43                                  FFA8       2       2       0   .text       
     vector42                                  FFAA       2       2       0   .text       
     vector41                                  FFAC       2       2       0   .text       
     vector40                                  FFAE       2       2       0   .text       
     vector39                                  FFB0       2       2       0   .text       
     vector38                                  FFB2       2       2       0   .text       
     vector37                                  FFB4       2       2       0   .text       
     vector36                                  FFB6       2       2       0   .text       
     vector35                                  FFB8       2       2       0   .text       
     vector34                                  FFBA       2       2       0   .text       
     vector33                                  FFBC       2       2       0   .text       
     vector32                                  FFBE       2       2       0   .text       
     vector31                                  FFC0       2       2       0   .text       
     vector30                                  FFC2       2       2       0   .text       
     vector29                                  FFC4       2       2       0   .text       
     vector28                                  FFC6       2       2       0   .text       
     vector27                                  FFC8       2       2       0   .text       
     vector26                                  FFCA       2       2       0   .text       
     vector25                                  FFCC       2       2       0   .text       
     vector24                                  FFCE       2       2       0   .text       
     vector23                                  FFD0       2       2       0   .text       
     vector22                                  FFD2       2       2       0   .text       
     vector21                                  FFD4       2       2       0   .text       
     vector20                                  FFD6       2       2       0   .text       
     vector19                                  FFD8       2       2       0   .text       
     vector18                                  FFDA       2       2       0   .text       
     vector17                                  FFDC       2       2       0   .text       
     vector16                                  FFDE       2       2       0   .text       
     vector15                                  FFE0       2       2       0   .text       
     vector14                                  FFE2       2       2       0   .text       
     vector13                                  FFE4       2       2       0   .text       
     vector12                                  FFE6       2       2       0   .text       
     vector11                                  FFE8       2       2       0   .text       
     vector10                                  FFEA       2       2       0   .text       
     vector09                                  FFEC       2       2       0   .text       
     vector08                                  FFEE       2       2       0   .text       
     vector07                                  FFF0       2       2       0   .text       
     vector06                                  FFF2       2       2       0   .text       
     vector05                                  FFF4       2       2       0   .text       
     vector04                                  FFF6       2       2       0   .text       
     vector03                                  FFF8       2       2       0   .text       
     vector02                                  FFFA       2       2       0   .text       
     vector01                                  FFFC       2       2       0   .text       
     vector00                                  FFFE       2       2       1   .text       

*********************************************************************************************
MODULE STATISTIC
  Name                                      Data   Code  Const
---------------------------------------------------------------------------------------------
  S12SerMon2r1.asm.o                           0   3221    304
  other                                      256      0      0

*********************************************************************************************
SECTION USE IN OBJECT-ALLOCATION SECTION
---------------------------------------------------------------------------------------------
SECTION: ".text"
  VAR00052 VAR00053 VAR00054 VAR00055 VAR00056 VAR00057 VAR00058 VAR00059 
  VAR00060 VAR00061 VAR00062 VAR00063 VAR00064 VAR00065 VAR00066 vector63 
  vector62 vector61 vector60 vector59 vector58 vector57 vector56 vector55 
  vector54 vector53 vector52 vector51 vector50 vector49 vector48 vector47 
  vector46 vector45 vector44 vector43 vector42 vector41 vector40 vector39 
  vector38 vector37 vector36 vector35 vector34 vector33 vector32 vector31 
  vector30 vector29 vector28 vector27 vector26 vector25 vector24 vector23 
  vector22 vector21 vector20 vector19 vector18 vector17 vector16 vector15 
  vector14 vector13 vector12 vector11 vector10 vector09 vector08 vector07 
  vector06 vector05 vector04 vector03 vector02 vector01 vector00 
SECTION: ".init"
  Startup ColdStart ColdStart1 Monitor stackInit coldBrk BrkLoop waitforCR 
  CommandOK Prompt EndPrompt PromptRun Prompt1 CmdLoop DoCmd commandTbl 
  VAR00001 VAR00002 VAR00003 VAR00004 VAR00005 VAR00006 VAR00007 VAR00008 
  VAR00009 VAR00010 VAR00011 VAR00012 VAR00013 VAR00014 VAR00015 VAR00016 
  VAR00017 VAR00018 VAR00019 VAR00020 VAR00021 VAR00022 VAR00023 VAR00024 
  VAR00025 VAR00026 VAR00027 VAR00028 VAR00029 VAR00030 VAR00031 VAR00032 
  VAR00033 VAR00034 VAR00035 VAR00036 VAR00037 VAR00038 VAR00039 VAR00040 
  VAR00041 VAR00042 VAR00043 VAR00044 VAR00045 DeviceCmd tableEnd HaltCmd 
  SciIsr SciIsr1 SciIsrExit ResetCmd CopLock Breakpoint ReenterMon SWIdone 
  badSP EraseEECmd ChkDoneE ErsPageErr1 EraseAllCmd ChkDoneE1 ErsBlk0 ErsBlk0Lp 
  BlockLoop nBlockLoop EraseDone BulkErase ChkDoneF ErsSectors ErsSectLp 
  ErsSectErr ErsPage ErsPage1 ErsFullPage EraPageStat ErsPageErr RdByteCmd 
  RdWordCmd sendExit ReadCmd ReadNext xPrompt WriteCmd WriteNext WriteWord 
  WriteByte Write1 SkipBytes WriteError RdNextCmd notRun WtByteCmd isRAMbyte 
  WriteByteNVM WtWordCmd WtNextCmd notRunW preInc RdRegsCmd WriteCcrCmd 
  WriteDCmd WriteIXCmd WriteIYCmd WritePcCmd WriteSpCmd spBad pagebits VAR00046 
  VAR00047 VAR00048 VAR00049 VAR00050 VAR00051 Trace1Cmd GoCmd put16 getX 
  GetChar RxReady PutChar CheckModule isVector check4EE isToProgram isRAM 
  WriteD2IX oddAdrErr isRAMword WriteA2IX isOddAdr isWRAMbyte DoProgram itsEE 
  ExitWrite ProgEE ChkDoneEE abClr ProgFlash its3E ProgFlash1 nBlockLoopb 
  ProgFlashSP DoOnStack SpmoveLoop SpSub uvector63 SpSubEnd uvector62 uvector61 
  uvector60 uvector59 uvector58 uvector57 uvector56 uvector55 uvector54 
  uvector53 uvector52 uvector51 uvector50 uvector49 uvector48 uvector47 
  uvector46 uvector45 uvector44 uvector43 uvector42 uvector41 uvector40 
  uvector39 uvector38 uvector37 uvector36 uvector35 uvector34 uvector33 
  uvector32 uvector31 uvector30 uvector29 uvector28 uvector27 uvector26 
  uvector25 uvector24 uvector23 uvector22 uvector21 uvector19 uvector18 
  uvector17 uvector16 uvector15 uvector14 uvector13 uvector12 uvector11 
  uvector10 uvector09 uvector08 uvector07 uvector06 uvector05 uvector03 
  uvector01 ISRHandler BadVector 

*********************************************************************************************
OBJECT LIST SORTED BY ADDRESS
     Name                                      Addr   hSize   dSize     Ref    Section   RLIB
---------------------------------------------------------------------------------------------
     Startup                                   F800      13      19       0   .init       
     ColdStart                                 F800       0       0       0   .init       
     ColdStart1                                F813      2D      45       0   .init       
     Monitor                                   F840      26      38       0   .init       
     stackInit                                 F866      26      38       0   .init       
     coldBrk                                   F88C       A      10       0   .init       
     BrkLoop                                   F896       9       9       0   .init       
     waitforCR                                 F89F      10      16       0   .init       
     CommandOK                                 F8AF       2       2       0   .init       
     Prompt                                    F8B1       A      10       0   .init       
     EndPrompt                                 F8BB      13      19       0   .init       
     PromptRun                                 F8CE       3       3       0   .init       
     Prompt1                                   F8D1       6       6       0   .init       
     CmdLoop                                   F8D7       F      15       0   .init       
     DoCmd                                     F8E6       4       4       0   .init       
     commandTbl                                F8EA       1       1       0   .init       
     VAR00001                                  F8EB       2       2       0   .init       
     VAR00002                                  F8ED       1       1       0   .init       
     VAR00003                                  F8EE       2       2       0   .init       
     VAR00004                                  F8F0       1       1       0   .init       
     VAR00005                                  F8F1       2       2       0   .init       
     VAR00006                                  F8F3       1       1       0   .init       
     VAR00007                                  F8F4       2       2       0   .init       
     VAR00008                                  F8F6       1       1       0   .init       
     VAR00009                                  F8F7       2       2       0   .init       
     VAR00010                                  F8F9       1       1       0   .init       
     VAR00011                                  F8FA       2       2       0   .init       
     VAR00012                                  F8FC       1       1       0   .init       
     VAR00013                                  F8FD       2       2       0   .init       
     VAR00014                                  F8FF       1       1       0   .init       
     VAR00015                                  F900       2       2       0   .init       
     VAR00016                                  F902       1       1       0   .init       
     VAR00017                                  F903       2       2       0   .init       
     VAR00018                                  F905       1       1       0   .init       
     VAR00019                                  F906       2       2       0   .init       
     VAR00020                                  F908       1       1       0   .init       
     VAR00021                                  F909       2       2       0   .init       
     VAR00022                                  F90B       1       1       0   .init       
     VAR00023                                  F90C       2       2       0   .init       
     VAR00024                                  F90E       1       1       0   .init       
     VAR00025                                  F90F       2       2       0   .init       
     VAR00026                                  F911       1       1       0   .init       
     VAR00027                                  F912       2       2       0   .init       
     VAR00028                                  F914       1       1       0   .init       
     VAR00029                                  F915       2       2       0   .init       
     VAR00030                                  F917       1       1       0   .init       
     VAR00031                                  F918       2       2       0   .init       
     VAR00032                                  F91A       1       1       0   .init       
     VAR00033                                  F91B       2       2       0   .init       
     VAR00034                                  F91D       1       1       0   .init       
     VAR00035                                  F91E       2       2       0   .init       
     VAR00036                                  F920       1       1       0   .init       
     VAR00037                                  F921       2       2       0   .init       
     VAR00038                                  F923       1       1       0   .init       
     VAR00039                                  F924       2       2       0   .init       
     VAR00040                                  F926       1       1       0   .init       
     VAR00041                                  F927       2       2       0   .init       
     VAR00042                                  F929       1       1       0   .init       
     VAR00043                                  F92A       2       2       0   .init       
     VAR00044                                  F92C       1       1       0   .init       
     VAR00045                                  F92D       2       2       0   .init       
     DeviceCmd                                 F92F       0       0       0   .init       
     tableEnd                                  F92F      14      20       0   .init       
     HaltCmd                                   F943       D      13       0   .init       
     SciIsr                                    F950       A      10       0   .init       
     SciIsr1                                   F95A      1C      28       0   .init       
     SciIsrExit                                F976       6       6       0   .init       
     ResetCmd                                  F97C       B      11       0   .init       
     CopLock                                   F987       4       4       0   .init       
     Breakpoint                                F98B       B      11       0   .init       
     ReenterMon                                F996      1A      26       0   .init       
     SWIdone                                   F9B0       3       3       0   .init       
     badSP                                     F9B3       8       8       0   .init       
     EraseEECmd                                F9BB      19      25       0   .init       
     ChkDoneE                                  F9D4      14      20       0   .init       
     ErsPageErr1                               F9E8       5       5       0   .init       
     EraseAllCmd                               F9ED      19      25       0   .init       
     ChkDoneE1                                 FA06       8       8       0   .init       
     ErsBlk0                                   FA0E       E      14       0   .init       
     ErsBlk0Lp                                 FA1C      2D      45       0   .init       
     BlockLoop                                 FA49       D      13       0   .init       
     nBlockLoop                                FA56      10      16       0   .init       
     EraseDone                                 FA66       8       8       0   .init       
     BulkErase                                 FA6E      13      19       0   .init       
     ChkDoneF                                  FA81       A      10       0   .init       
     ErsSectors                                FA8B       2       2       0   .init       
     ErsSectLp                                 FA8D      15      21       0   .init       
     ErsSectErr                                FAA2       3       3       0   .init       
     ErsPage                                   FAA5      10      16       0   .init       
     ErsPage1                                  FAB5      1D      29       0   .init       
     ErsFullPage                               FAD2      11      17       0   .init       
     EraPageStat                               FAE3       C      12       0   .init       
     ErsPageErr                                FAEF       5       5       0   .init       
     RdByteCmd                                 FAF4       B      11       0   .init       
     RdWordCmd                                 FAFF       3       3       0   .init       
     sendExit                                  FB02       D      13       0   .init       
     ReadCmd                                   FB0F       9       9       0   .init       
     ReadNext                                  FB18       B      11       0   .init       
     xPrompt                                   FB23       3       3       0   .init       
     WriteCmd                                  FB26       9       9       0   .init       
     WriteNext                                 FB2F       B      11       0   .init       
     WriteWord                                 FB3A      15      21       0   .init       
     WriteByte                                 FB4F       9       9       0   .init       
     Write1                                    FB58       8       8       0   .init       
     SkipBytes                                 FB60       3       3       0   .init       
     WriteError                                FB63       7       7       0   .init       
     RdNextCmd                                 FB6A      10      16       0   .init       
     notRun                                    FB7A       5       5       0   .init       
     WtByteCmd                                 FB7F       D      13       0   .init       
     isRAMbyte                                 FB8C       8       8       0   .init       
     WriteByteNVM                              FB94       5       5       0   .init       
     WtWordCmd                                 FB99       8       8       0   .init       
     WtNextCmd                                 FBA1       C      12       0   .init       
     notRunW                                   FBAD       7       7       0   .init       
     preInc                                    FBB4       B      11       0   .init       
     RdRegsCmd                                 FBBF      29      41       0   .init       
     WriteCcrCmd                               FBE8       8       8       0   .init       
     WriteDCmd                                 FBF0       E      14       0   .init       
     WriteIXCmd                                FBFE       8       8       0   .init       
     WriteIYCmd                                FC06       8       8       0   .init       
     WritePcCmd                                FC0E       8       8       0   .init       
     WriteSpCmd                                FC16      13      19       0   .init       
     spBad                                     FC29       5       5       0   .init       
     pagebits                                  FC2E       1       1       0   .init       
     VAR00046                                  FC2F       1       1       0   .init       
     VAR00047                                  FC30       1       1       0   .init       
     VAR00048                                  FC31       2       2       0   .init       
     VAR00049                                  FC33       2       2       0   .init       
     VAR00050                                  FC35       2       2       0   .init       
     VAR00051                                  FC37       2       2       0   .init       
     Trace1Cmd                                 FC39      28      40       0   .init       
     GoCmd                                     FC61       7       7       0   .init       
     put16                                     FC68       9       9       0   .init       
     getX                                      FC71       B      11       0   .init       
     GetChar                                   FC7C       6       6       0   .init       
     RxReady                                   FC82       3       3       0   .init       
     PutChar                                   FC85       7       7       0   .init       
     CheckModule                               FC8C      14      20       0   .init       
     isVector                                  FCA0       6       6       0   .init       
     check4EE                                  FCA6       E      14       0   .init       
     isToProgram                               FCB4       4       4       0   .init       
     isRAM                                     FCB8       3       3       0   .init       
     WriteD2IX                                 FCBB      18      24       0   .init       
     oddAdrErr                                 FCD3       5       5       0   .init       
     isRAMword                                 FCD8       5       5       0   .init       
     WriteA2IX                                 FCDD      1B      27       0   .init       
     isOddAdr                                  FCF8       7       7       0   .init       
     isWRAMbyte                                FCFF       5       5       0   .init       
     DoProgram                                 FD04       B      11       0   .init       
     itsEE                                     FD0F       2       2       0   .init       
     ExitWrite                                 FD11       3       3       0   .init       
     ProgEE                                    FD14       F      15       0   .init       
     ChkDoneEE                                 FD23       A      10       0   .init       
     abClr                                     FD2D       B      11       0   .init       
     ProgFlash                                 FD38      12      18       0   .init       
     its3E                                     FD4A       5       5       0   .init       
     ProgFlash1                                FD4F       D      13       0   .init       
     nBlockLoopb                               FD5C      1C      28       0   .init       
     ProgFlashSP                               FD78       7       7       0   .init       
     DoOnStack                                 FD7F       4       4       0   .init       
     SpmoveLoop                                FD83      19      25       0   .init       
     SpSub                                     FD9C      12      18       0   .init       
     uvector63                                 FDAE       0       0       0   .init       
     SpSubEnd                                  FDAE       2       2       0   .init       
     uvector62                                 FDB0       2       2       0   .init       
     uvector61                                 FDB2       2       2       0   .init       
     uvector60                                 FDB4       2       2       0   .init       
     uvector59                                 FDB6       2       2       0   .init       
     uvector58                                 FDB8       2       2       0   .init       
     uvector57                                 FDBA       2       2       0   .init       
     uvector56                                 FDBC       2       2       0   .init       
     uvector55                                 FDBE       2       2       0   .init       
     uvector54                                 FDC0       2       2       0   .init       
     uvector53                                 FDC2       2       2       0   .init       
     uvector52                                 FDC4       2       2       0   .init       
     uvector51                                 FDC6       2       2       0   .init       
     uvector50                                 FDC8       2       2       0   .init       
     uvector49                                 FDCA       2       2       0   .init       
     uvector48                                 FDCC       2       2       0   .init       
     uvector47                                 FDCE       2       2       0   .init       
     uvector46                                 FDD0       2       2       0   .init       
     uvector45                                 FDD2       2       2       0   .init       
     uvector44                                 FDD4       2       2       0   .init       
     uvector43                                 FDD6       2       2       0   .init       
     uvector42                                 FDD8       2       2       0   .init       
     uvector41                                 FDDA       2       2       0   .init       
     uvector40                                 FDDC       2       2       0   .init       
     uvector39                                 FDDE       2       2       0   .init       
     uvector38                                 FDE0       2       2       0   .init       
     uvector37                                 FDE2       2       2       0   .init       
     uvector36                                 FDE4       2       2       0   .init       
     uvector35                                 FDE6       2       2       0   .init       
     uvector34                                 FDE8       2       2       0   .init       
     uvector33                                 FDEA       2       2       0   .init       
     uvector32                                 FDEC       2       2       0   .init       
     uvector31                                 FDEE       2       2       0   .init       
     uvector30                                 FDF0       2       2       0   .init       
     uvector29                                 FDF2       2       2       0   .init       
     uvector28                                 FDF4       2       2       0   .init       
     uvector27                                 FDF6       2       2       0   .init       
     uvector26                                 FDF8       2       2       0   .init       
     uvector25                                 FDFA       2       2       0   .init       
     uvector24                                 FDFC       2       2       0   .init       
     uvector23                                 FDFE       2       2       0   .init       
     uvector22                                 FE00       2       2       0   .init       
     uvector21                                 FE02       4       4       0   .init       
     uvector19                                 FE06       2       2       0   .init       
     uvector18                                 FE08       2       2       0   .init       
     uvector17                                 FE0A       2       2       0   .init       
     uvector16                                 FE0C       2       2       0   .init       
     uvector15                                 FE0E       2       2       0   .init       
     uvector14                                 FE10       2       2       0   .init       
     uvector13                                 FE12       2       2       0   .init       
     uvector12                                 FE14       2       2       0   .init       
     uvector11                                 FE16       2       2       0   .init       
     uvector10                                 FE18       2       2       0   .init       
     uvector09                                 FE1A       2       2       0   .init       
     uvector08                                 FE1C       2       2       0   .init       
     uvector07                                 FE1E       2       2       0   .init       
     uvector06                                 FE20       2       2       0   .init       
     uvector05                                 FE22       4       4       0   .init       
     uvector03                                 FE26       4       4       0   .init       
     uvector01                                 FE2A       4       4       0   .init       
     ISRHandler                                FE2E       C      12       0   .init       
     BadVector                                 FE3A       9       9       0   .init       
     VAR00052                                  FEF8       2       2       0   .text       
     VAR00053                                  FEFA       2       2       0   .text       
     VAR00054                                  FEFC       2       2       0   .text       
     VAR00055                                  FEFE       2       2       0   .text       
     VAR00056                                  FF00       2       2       0   .text       
     VAR00057                                  FF02       2       2       0   .text       
     VAR00058                                  FF04       2       2       0   .text       
     VAR00059                                  FF06       2       2       0   .text       
     VAR00060                                  FF08       2       2       0   .text       
     VAR00061                                  FF0A       1       1       0   .text       
     VAR00062                                  FF0B       1       1       0   .text       
     VAR00063                                  FF0C       1       1       0   .text       
     VAR00064                                  FF0D       1       1       0   .text       
     VAR00065                                  FF0E       1       1       0   .text       
     VAR00066                                  FF0F       1       1       0   .text       
     vector63                                  FF80       2       2       0   .text       
     vector62                                  FF82       2       2       0   .text       
     vector61                                  FF84       2       2       0   .text       
     vector60                                  FF86       2       2       0   .text       
     vector59                                  FF88       2       2       0   .text       
     vector58                                  FF8A       2       2       0   .text       
     vector57                                  FF8C       2       2       0   .text       
     vector56                                  FF8E       2       2       0   .text       
     vector55                                  FF90       2       2       0   .text       
     vector54                                  FF92       2       2       0   .text       
     vector53                                  FF94       2       2       0   .text       
     vector52                                  FF96       2       2       0   .text       
     vector51                                  FF98       2       2       0   .text       
     vector50                                  FF9A       2       2       0   .text       
     vector49                                  FF9C       2       2       0   .text       
     vector48                                  FF9E       2       2       0   .text       
     vector47                                  FFA0       2       2       0   .text       
     vector46                                  FFA2       2       2       0   .text       
     vector45                                  FFA4       2       2       0   .text       
     vector44                                  FFA6       2       2       0   .text       
     vector43                                  FFA8       2       2       0   .text       
     vector42                                  FFAA       2       2       0   .text       
     vector41                                  FFAC       2       2       0   .text       
     vector40                                  FFAE       2       2       0   .text       
     vector39                                  FFB0       2       2       0   .text       
     vector38                                  FFB2       2       2       0   .text       
     vector37                                  FFB4       2       2       0   .text       
     vector36                                  FFB6       2       2       0   .text       
     vector35                                  FFB8       2       2       0   .text       
     vector34                                  FFBA       2       2       0   .text       
     vector33                                  FFBC       2       2       0   .text       
     vector32                                  FFBE       2       2       0   .text       
     vector31                                  FFC0       2       2       0   .text       
     vector30                                  FFC2       2       2       0   .text       
     vector29                                  FFC4       2       2       0   .text       
     vector28                                  FFC6       2       2       0   .text       
     vector27                                  FFC8       2       2       0   .text       
     vector26                                  FFCA       2       2       0   .text       
     vector25                                  FFCC       2       2       0   .text       
     vector24                                  FFCE       2       2       0   .text       
     vector23                                  FFD0       2       2       0   .text       
     vector22                                  FFD2       2       2       0   .text       
     vector21                                  FFD4       2       2       0   .text       
     vector20                                  FFD6       2       2       0   .text       
     vector19                                  FFD8       2       2       0   .text       
     vector18                                  FFDA       2       2       0   .text       
     vector17                                  FFDC       2       2       0   .text       
     vector16                                  FFDE       2       2       0   .text       
     vector15                                  FFE0       2       2       0   .text       
     vector14                                  FFE2       2       2       0   .text       
     vector13                                  FFE4       2       2       0   .text       
     vector12                                  FFE6       2       2       0   .text       
     vector11                                  FFE8       2       2       0   .text       
     vector10                                  FFEA       2       2       0   .text       
     vector09                                  FFEC       2       2       0   .text       
     vector08                                  FFEE       2       2       0   .text       
     vector07                                  FFF0       2       2       0   .text       
     vector06                                  FFF2       2       2       0   .text       
     vector05                                  FFF4       2       2       0   .text       
     vector04                                  FFF6       2       2       0   .text       
     vector03                                  FFF8       2       2       0   .text       
     vector02                                  FFFA       2       2       0   .text       
     vector01                                  FFFC       2       2       0   .text       
     vector00                                  FFFE       2       2       1   .text       

*********************************************************************************************
UNUSED-OBJECTS SECTION
---------------------------------------------------------------------------------------------

*********************************************************************************************
COPYDOWN SECTION
---------------------------------------------------------------------------------------------

*********************************************************************************************
OBJECT-DEPENDENCIES SECTION
---------------------------------------------------------------------------------------------

*********************************************************************************************
DEPENDENCY TREE
*********************************************************************************************
 _ORG00001           
   
*********************************************************************************************
STATISTIC SECTION
---------------------------------------------------------------------------------------------

ExeFile:
--------
Number of blocks to be downloaded: 4
Total size of all blocks to be downloaded: 1770

